// Jest Snapshot v1, https://goo.gl/fbAQLP

exports[`GroupDisplayEmpty matches the snapshot 1`] = `
<div
  className="groupdisplay-wrap"
>
  <GroupHeader
    name="The BeeGees"
    onClick={[MockFunction]}
  />
  <span
    className="groupdisplay-list groupdisplay-text"
  >
    No staff members have been added to this group.
  </span>
  <GroupFooter
    disabled={true}
    onClick={[Function]}
  />
</div>
`;
