// Jest Snapshot v1, https://goo.gl/fbAQLP

exports[`ButtonGroup matches the snapshot 1`] = `
<div
  className="buttongroup"
  style={Object {}}
>
  <Button
    className="buttongroup-button buttongroup--left"
    data-testid="button-label 1"
    disabled={false}
    fluid={true}
    key="button-1"
    onClick={[MockFunction]}
    style={Object {}}
    type="submit"
  >
    label 1
  </Button>
  <ButtonGhost
    className="buttongroup-button buttongroup--right"
    data-testid="button-label 2"
    disabled={false}
    fluid={true}
    key="button-2-ghost"
    onClick={[MockFunction]}
    red={false}
    style={
      Object {
        "height": 40,
      }
    }
  >
    label 2
  </ButtonGhost>
</div>
`;
