// Jest Snapshot v1, https://goo.gl/fbAQLP

exports[`OfflineCallNotice matches the snapshot when hidden 1`] = `""`;

exports[`OfflineCallNotice matches the snapshot when visible 1`] = `
<div
  className="offlinecallnotice-wrap"
>
  <div
    className="offlinecallnotice-dimmer"
  />
  <div
    className="offlinecallnotice-content"
  >
    <div>
      <span
        className="offlinecallnotice-notice offlinecallnotice-notice-title"
      >
        Oops... Call is over.
      </span>
      <span
        className="offlinecallnotice-notice"
      >
        Something happened to the connection and the other person is no longer on the call.
      </span>
    </div>
    <div
      className="offlinecallnotice-buttons offlinecallnotice-buttons-center"
    >
      <CancelCallButton
        ghost={true}
        onClick={[Function]}
      />
    </div>
  </div>
</div>
`;
