// Jest Snapshot v1, https://goo.gl/fbAQLP

exports[`ThreadListPlaceholder matches the snapshot 1`] = `
<div
  className="messagelist-list "
  style={Object {}}
>
  <ThreadListCardPlaceholder
    className=""
    delay={0}
    key="0"
    style={Object {}}
  />
  <ThreadListCardPlaceholder
    className=""
    delay={0.5}
    key="0.5"
    style={Object {}}
  />
  <ThreadListCardPlaceholder
    className=""
    delay={1}
    key="1"
    style={Object {}}
  />
  <ThreadListCardPlaceholder
    className=""
    delay={1.5}
    key="1.5"
    style={Object {}}
  />
  <ThreadListCardPlaceholder
    className=""
    delay={2}
    key="2"
    style={Object {}}
  />
  <ThreadListCardPlaceholder
    className=""
    delay={2.5}
    key="2.5"
    style={Object {}}
  />
  <ThreadListCardPlaceholder
    className=""
    delay={3}
    key="3"
    style={Object {}}
  />
  <ThreadListCardPlaceholder
    className=""
    delay={3.5}
    key="3.5"
    style={Object {}}
  />
  <ThreadListCardPlaceholder
    className=""
    delay={4}
    key="4"
    style={Object {}}
  />
  <ThreadListCardPlaceholder
    className=""
    delay={4.5}
    key="4.5"
    style={Object {}}
  />
</div>
`;
