// Jest Snapshot v1, https://goo.gl/fbAQLP

exports[`PatientCard matches the snapshot 1`] = `
<button
  className="patientcard-button patientcard-button--medium "
  onClick={[MockFunction]}
  onMouseEnter={[Function]}
  onMouseLeave={[Function]}
  style={
    Object {
      "backgroundColor": "transparent",
    }
  }
>
  <div
    className="patientcard"
    data-testid="list-item-Mung Bean"
  >
    <div
      className="patientcard-avatar patientcard-avatar--medium"
      style={
        Object {
          "marginRight": 14,
        }
      }
    >
      <Avatar
        className=""
        dimmed={false}
        displayName={null}
        imgUrl="http://some.url.com/picture"
        loading={false}
        size={45}
        style={Object {}}
      />
      <StatusBubble
        className="patientcard-status patientcard-status--medium"
        status="available"
        style={Object {}}
      />
    </div>
    <span
      className="patientcard-label patientcard-label--medium"
    >
      Mung Bean
    </span>
    <span
      className="patientcard-dnc-flag"
    />
  </div>
</button>
`;
