// Jest Snapshot v1, https://goo.gl/fbAQLP

exports[`CallCompletedNotice matches the snapshot when hidden 1`] = `""`;

exports[`CallCompletedNotice matches the snapshot when visible 1`] = `
<div
  className="callcompletednotice-wrap"
>
  <div
    className="callcompletednotice-dimmer"
  />
  <div
    className="callcompletednotice-content"
  >
    <div>
      <span
        className="callcompletednotice-notice"
      >
        Your meeting has ended.
      </span>
      <span
        className="callcompletednotice-notice"
      >
        The other participants are no longer on the call
      </span>
    </div>
    <div
      className="callcompletednotice-buttons callcompletednotice-buttons-center"
    >
      <CancelCallButton
        ghost={true}
        onClick={[MockFunction]}
      />
    </div>
  </div>
</div>
`;
