// Jest Snapshot v1, https://goo.gl/fbAQLP

exports[`PasswordInput matches the snapshot 1`] = `
<div
  style={
    Object {
      "display": "block",
      "maxWidth": "100%",
      "width": "100%",
    }
  }
>
  <InputLabel
    htmlFor="password-input"
    id="password-label"
    label="Password"
  />
  <ForwardRef
    aria-labelledby="password-label"
    className="passwordinput-input"
    hasError={false}
    id="password"
    name="password"
    onChange={[MockFunction]}
    type="password"
    value="Worf"
  />
  <InputMessage
    message="It is busted"
    show={false}
  />
</div>
`;
