// Jest Snapshot v1, https://goo.gl/fbAQLP

exports[`CancelCallButton matches the snapshot 1`] = `
<div
  className="cancelcallbutton-wrap"
>
  <CallButton
    color="#ff4d4d"
    data-testid="button-cancel-call"
    dimmed={false}
    disabled={false}
    ghost={false}
    ghostOpacity={0}
    name="cancel-call"
    onClick={[MockFunction]}
    size="medium"
  >
    <IconDeclineCall
      color="black"
    />
  </CallButton>
  <CallButtonLabel
    text="Cancel Call"
  />
</div>
`;
